
> test
> node --test test/*.test.cjs

✔ every page has a title, description, canonical URL, and complete share tags (16.9604ms)
✔ titles and descriptions are unique per page (1.0042ms)
✔ each page has exactly one h1, a skip link to main, and landmarks (1.2227ms)
✔ every internal link, script, stylesheet, image, video, and poster resolves to a file (81.8863ms)
✔ images have alt text and dimensions; videos are muted, inline, labelled, and have posters (2.0861ms)
✔ the header and footer are identical on every page apart from the current-page marker (1.5931ms)
✔ every case study has the full section structure, stack, and code link (1.7218ms)
✔ the work index lists every case study once, and the home page links each featured one (16.3243ms)
✔ copy avoids marketing filler and shouting (11.5514ms)
✔ /portfolio/ forwards to /work/ (1.7764ms)
✔ share images are current: each matches the title, summary, and visual of its page (66.5275ms)
✔ the sitemap lists every indexable page by its canonical URL, and robots.txt points to it (4.1384ms)
✔ a project title carries the same view-transition name on every page, and names are unique per page (3.9327ms)
✔ every file in a project media folder is used by some page (7.9493ms)
✔ figures are numbered in order on each page, and every caption says something (2.8998ms)
✔ a framed demo is denied the camera and the microphone (2.0198ms)
✔ wide diagrams run left to right with equal boxes that fill the width (2.5137ms)
✔ narrow diagrams stack top to bottom at full width (0.5575ms)
✔ connectors leave and enter on the facing edges (0.4859ms)
✔ project search matches every word regardless of case, spacing, or accents (4.7659ms)
✔ search and theme share a URL without losing punctuation or Unicode (1.845ms)
✔ malformed and unknown query parameters cannot break the page (8.4672ms)
✔ the hash is deterministic and spreads evenly over [0, 1) (19.4183ms)
✔ Gear Two heartbeat beats twice per 0.9 s and rests in between (1.3881ms)
✔ Gear Two tears on about a third of its heartbeats, with a long tear about every 6 s, the same way every time (56.3818ms)
✔ the sheen fires as the assembly finishes, then at each turn of the sway, alternating sides (7.4518ms)
✔ the spring settles on its target without overshooting, at any frame time (3.2194ms)
✔ a ripple is a band that travels outward and fades out (0.7739ms)
✔ dots drift away and fade instead of blinking off: about 1.5% of their light is away at any moment, and it goes and comes back smoothly (118.6503ms)
✔ stippling keeps dots where the ink beats the threshold and nowhere else (8.3855ms)
✔ denser grids for bigger figures, within limits (0.7435ms)
✔ the figure is centred in its box with the requested margin (0.8835ms)
✔ the ring repeats the whole line, closes each repeat with a middle dot, and never cuts a word (2.2209ms)
✔ rotation keeps lengths, and perspective magnifies what is nearer (0.6255ms)
✔ a sheen sweeps the turned figure from the key light at the upper left, in front, to the lower right, behind (2.9443ms)
✔ Tide comes in with a vortex that lifts and settles in about a second, and its tide rises once a period on the page's clock (3.9429ms)
✔ the figure lives about its joints: the torso breathes and the head rides on it, the arms follow at half, the wing beats, the key light drifts; at rest nothing moves at all (37.1309ms)
✔ the shipped joints sit on the figure, one for every part of the statue, and the parts are in the order the shader knows (1.979ms)
✔ each point of the outline knows which part it belongs to (10.637ms)
✔ the shipped hero data matches what the engine expects (5.8717ms)
✔ normals follow the depth map: flat ground faces the viewer, slopes tilt away from the rise, edges are one-sided (8.4142ms)
✔ smoothing the depth inside the figure removes the 8-bit terraces from the normals, and never pulls in the sky (56.6281ms)
✔ each dot samples the avatar color map bilinearly, sparkle included (1.8109ms)
✔ a dot takes the material at the nearest pixel, never a blend of two, and Gear Two keeps 40% of the colors (1.243ms)
✔ the dots are ink on light paper and light on dark paper, Gear Two's included (0.5046ms)
✔ glitch tiles are deterministic per frame, land inside the box on the figure, and jump sideways (2.354ms)
✔ the opening holds still in ink, shines, turns once and returns, goes to Gear Two and back, then hands over (2.4918ms)
✔ on screens with the pixels for it the whole figure is stippled on a grid twice as fine, in the same tone (13.8699ms)
✔ stippling skips only the paper beside the figure: every cell it skips would have kept no dot (9.1404ms)
✔ the avatar's star glints are its round sparkles off the marble, strongest first (26.0842ms)
✔ the stars of the sky are read from the depth map's blue, each with its strength (1.4782ms)
✔ the stars of the sky are read only outside the figure, where the blue does not name a part (0.5041ms)
✔ the statue is outlined: each part traced at its edge, evenly, where the sky or a part it lies in front of is beyond (13.4482ms)
✔ the wing and the caduceus are stippled in strokes along their feathers, in the same tone (37.3447ms)
✔ each pixel of the figure knows how far its outline is and which way is out (2.001ms)
✔ Gear Two flashes, switches to red while glitching, settles, then clears (9.7009ms)
✔ leaving Gear Two glitches briefly, then restores the palette and forgets the session flag (1.1298ms)
✔ a second press cancels the running sequence (0.7718ms)
✔ with reduced motion Gear Two switches at once (0.5099ms)
✔ the footer toggle overrides the OS setting and is saved (0.9096ms)
✔ the light switch flips the theme, and turning the lights on leaves Gear Two (4.141ms)
✔ the theme reveal grows a soft circle from the switch (22.9183ms)
✔ switching Gear Two on sends a red ring out from the switch and phases the heartbeat to the clock (1.7171ms)
✔ leaving Gear Two sends no ring, and reduced motion sends none either (0.9648ms)
✔ the opening can take Gear Two on and back off without saving it to the session (0.8541ms)
✔ Tide surges from neutral: the knob moves at once, the palette turns at 120 ms with the tide phased to the clock, and the surge clears (1.0767ms)
✔ leaving Tide ebbs quietly, then the page comes back and forgets the session flag (0.74ms)
✔ the gears run none, Gear Two, Tide, none; switching straight between them runs the new gear's entrance (0.5851ms)
✔ a press on Tide while its surge runs returns to neutral before the palette turns (0.2713ms)
✔ a transient switch is never saved, and leaves the gear chosen by hand in the session (0.2632ms)
✔ with reduced motion every switch between the gears is instant, with no phases and no rings (0.5472ms)
✔ the lights leave either gear, also in the middle of a surge (0.5111ms)
✔ true and false still mean Gear Two and none, so the opening and the hero's tests switch as before (0.2699ms)
✔ with View Transitions Tide floods out from its position behind a ring of light, and a late callback never undoes a newer switch (13.3563ms)
✔ with View Transitions leaving Tide cross-fades the page back once the ebb is over (16.7235ms)
✔ a theme filter shows only the projects that carry it (4.7986ms)
✔ the filter round-trips through the URL (6.7984ms)
✔ the section index marks the last section whose top has passed the reading line (1.4053ms)
✔ local time is Kathmandu time, UTC+5:45 (180.0918ms)
✔ the contact dial knows my minute of the day, what I am probably doing, and how far ahead of you I am (3.7522ms)
✔ the dial stipples the night between a sunrise and sunset worked out for the day (1.5697ms)
✔ the construction grid names each size by its role in the spec (0.5433ms)
✔ the generator reproduces every committed page byte for byte (415.4457ms)
✔ every project has its data file, and body files belong to known projects (2.6948ms)
✔ follows the OS until a choice is made, and the switch reads "lights on" in light mode (5.8969ms)
✔ a choice made in this tab survives OS changes even when storage is blocked (1.31ms)
✔ a saved light choice overrides a dark OS (0.7645ms)
✔ other tabs change or reset the theme through storage events (1.5517ms)
✔ unrelated storage keys and invalid saved values are ignored; legacy listeners work (5.0853ms)
✔ Gear Two reads as lights off, and an installed transition receives the switch as its origin (1.4071ms)
✔ Tide reads as lights off too, with its own paper as the theme colour (1.4417ms)
✔ Tide's palette sets every token Gear Two sets, its text meets WCAG AA on its paper, and its paper is the theme colour (11.6176ms)
ℹ tests 92
ℹ suites 0
ℹ pass 92
ℹ fail 0
ℹ cancelled 0
ℹ skipped 0
ℹ todo 0
ℹ duration_ms 875.445
